** Drc report for IPC101.kicad_pcb **
** Created on 2026-09-03T07:30:36 **
** Report includes: Errors, Warnings **

** Found 60 DRC violations **
[isolated_copper]: Isolated copper fill
    Local override; warning
    @(3.0000 mm, 3.0000 mm): Zone [/+3V3] on F.Cu, priority 0
[isolated_copper]: Isolated copper fill
    Local override; warning
    @(3.0000 mm, 3.0000 mm): Zone [/+3V3] on F.Cu, priority 0
[isolated_copper]: Isolated copper fill
    Local override; warning
    @(3.0000 mm, 3.0000 mm): Zone [/+3V3] on F.Cu, priority 0
[isolated_copper]: Isolated copper fill
    Local override; warning
    @(3.0000 mm, 3.0000 mm): Zone [/+3V3] on F.Cu, priority 0
[isolated_copper]: Isolated copper fill
    Local override; warning
    @(3.0000 mm, 3.0000 mm): Zone [/+3V3] on F.Cu, priority 0
[lib_footprint_issues]: The current configuration does not include the footprint library 'IPC101'
    Local override; warning
    @(72.0000 mm, 75.0000 mm): Footprint TP4
[lib_footprint_issues]: The current configuration does not include the footprint library 'IPC101'
    Local override; warning
    @(64.0000 mm, 75.0000 mm): Footprint TP2
[lib_footprint_mismatch]: Footprint 'MountingHole_3.2mm_M3' does not match copy in library 'MountingHole'
    Local override; warning
    @(95.0000 mm, 5.0000 mm): Footprint H2
[lib_footprint_issues]: The current configuration does not include the footprint library 'IPC101'
    Local override; warning
    @(60.0000 mm, 71.0000 mm): Footprint C1
[lib_footprint_issues]: The current configuration does not include the footprint library 'IPC101'
    Local override; warning
    @(50.0000 mm, 128.0000 mm): Footprint C2
[lib_footprint_issues]: The current configuration does not include the footprint library 'IPC101'
    Local override; warning
    @(82.0000 mm, 132.0000 mm): Footprint J3
[lib_footprint_mismatch]: Footprint 'MountingHole_3.2mm_M3' does not match copy in library 'MountingHole'
    Local override; warning
    @(5.0000 mm, 135.0000 mm): Footprint H3
[lib_footprint_issues]: The current configuration does not include the footprint library 'IPC101'
    Local override; warning
    @(60.0000 mm, 68.0000 mm): Footprint R1
[lib_footprint_mismatch]: Footprint 'MountingHole_3.2mm_M3' does not match copy in library 'MountingHole'
    Local override; warning
    @(95.0000 mm, 135.0000 mm): Footprint H4
[lib_footprint_issues]: The current configuration does not include the footprint library 'IPC101'
    Local override; warning
    @(68.0000 mm, 75.0000 mm): Footprint TP3
[lib_footprint_issues]: The current configuration does not include the footprint library 'IPC101'
    Local override; warning
    @(80.0000 mm, 90.0000 mm): Footprint TP1
[lib_footprint_issues]: The current configuration does not include the footprint library 'IPC101'
    Local override; warning
    @(50.0000 mm, 115.0000 mm): Footprint SW2
[lib_footprint_issues]: The current configuration does not include the footprint library 'IPC101'
    Local override; warning
    @(50.0000 mm, 70.0000 mm): Footprint U1
[lib_footprint_issues]: The current configuration does not include the footprint library 'IPC101'
    Local override; warning
    @(50.0000 mm, 134.0000 mm): Footprint J1
[lib_footprint_issues]: The current configuration does not include the footprint library 'IPC101'
    Local override; warning
    @(50.0000 mm, 57.0000 mm): Footprint SW3
[lib_footprint_issues]: The current configuration does not include the footprint library 'IPC101'
    Local override; warning
    @(28.0000 mm, 85.0000 mm): Footprint SW1
[lib_footprint_mismatch]: Footprint 'MountingHole_3.2mm_M3' does not match copy in library 'MountingHole'
    Local override; warning
    @(5.0000 mm, 5.0000 mm): Footprint H1
[silk_overlap]: Silkscreen clearance
    Rule: board setup constraints silk; warning
    @(83.9050 mm, 136.0000 mm): Value field of J3 (IPC-100 J8A STOP)
    @(82.0000 mm, 125.0000 mm): PCB text 'STOP CONTACTS ISOLATED - J8A ONLY' on f.silkscreen
[silk_overlap]: Silkscreen clearance
    Rule: board setup constraints silk; warning
    @(50.0000 mm, 65.0000 mm): Value field of SW3 (ADAFRUIT 504 - VERIFY PIN MAP)
    @(41.0000 mm, 64.0000 mm): PCB text 'DOWN' on f.silkscreen
[silk_overlap]: Silkscreen clearance
    Rule: board setup constraints silk; warning
    @(43.0000 mm, 50.0000 mm): Rectangle of SW3 on f.silkscreen
    @(41.0000 mm, 64.0000 mm): PCB text 'DOWN' on f.silkscreen
[silk_overlap]: Silkscreen clearance
    Rule: board setup constraints silk; warning
    @(61.0000 mm, 64.0000 mm): PCB text 'SELECT' on f.silkscreen
    @(50.0000 mm, 65.0000 mm): Value field of SW3 (ADAFRUIT 504 - VERIFY PIN MAP)
[silk_over_copper]: Silkscreen clipped by solder mask
    Local override; warning
    @(82.0000 mm, 125.0000 mm): PCB text 'STOP CONTACTS ISOLATED - J8A ONLY' on f.silkscreen
    @(82.0000 mm, 132.0000 mm): PTH pad 1 [/STOP_IN_RAW] of J3
[silk_over_copper]: Silkscreen clipped by solder mask
    Local override; warning
    @(43.7500 mm, 108.7500 mm): Rectangle of SW2 on f.silkscreen
    @(56.2500 mm, 112.5000 mm): PTH pad 2 [/C0] of SW2
[silk_over_copper]: Silkscreen clipped by solder mask
    Local override; warning
    @(43.7500 mm, 108.7500 mm): Rectangle of SW2 on f.silkscreen
    @(56.2500 mm, 117.5000 mm): PTH pad 2 [/C0] of SW2
[silk_over_copper]: Silkscreen clipped by solder mask
    Local override; warning
    @(43.7500 mm, 108.7500 mm): Rectangle of SW2 on f.silkscreen
    @(43.7500 mm, 112.5000 mm): PTH pad 1 [/R6_PULL] of SW2
[silk_over_copper]: Silkscreen clipped by solder mask
    Local override; warning
    @(43.7500 mm, 108.7500 mm): Rectangle of SW2 on f.silkscreen
    @(43.7500 mm, 117.5000 mm): PTH pad 1 [/R6_PULL] of SW2
[silk_over_copper]: Silkscreen clipped by solder mask
    Local override; warning
    @(48.0000 mm, 68.0000 mm): Rectangle of U1 on f.silkscreen
    @(51.2500 mm, 67.8000 mm): Pad 19 [/GND] of U1 on F.Cu
[silk_over_copper]: Silkscreen clipped by solder mask
    Local override; warning
    @(48.0000 mm, 68.0000 mm): Rectangle of U1 on f.silkscreen
    @(50.7500 mm, 67.8000 mm): Pad 20 [/RESET] of U1 on F.Cu
[silk_over_copper]: Silkscreen clipped by solder mask
    Local override; warning
    @(48.0000 mm, 68.0000 mm): Rectangle of U1 on f.silkscreen
    @(50.2500 mm, 67.8000 mm): Pad 21 [/+3V3] of U1 on F.Cu
[silk_over_copper]: Silkscreen clipped by solder mask
    Local override; warning
    @(48.0000 mm, 68.0000 mm): Rectangle of U1 on f.silkscreen
    @(49.7500 mm, 67.8000 mm): Pad 22 [/SDA] of U1 on F.Cu
[silk_over_copper]: Silkscreen clipped by solder mask
    Local override; warning
    @(48.0000 mm, 68.0000 mm): Rectangle of U1 on f.silkscreen
    @(49.2500 mm, 67.8000 mm): Pad 23 [/SCL] of U1 on F.Cu
[silk_over_copper]: Silkscreen clipped by solder mask
    Local override; warning
    @(48.0000 mm, 68.0000 mm): Rectangle of U1 on f.silkscreen
    @(48.7500 mm, 67.8000 mm): Pad 24 [/INT_TEST] of U1 on F.Cu
[silk_over_copper]: Silkscreen clipped by solder mask
    Local override; warning
    @(48.0000 mm, 68.0000 mm): Rectangle of U1 on f.silkscreen
    @(52.2000 mm, 71.2500 mm): Pad 13 [/+3V3] of U1 on F.Cu
[silk_over_copper]: Silkscreen clipped by solder mask
    Local override; warning
    @(48.0000 mm, 68.0000 mm): Rectangle of U1 on f.silkscreen
    @(52.2000 mm, 70.7500 mm): Pad 14 [/+3V3] of U1 on F.Cu
[silk_over_copper]: Silkscreen clipped by solder mask
    Local override; warning
    @(48.0000 mm, 68.0000 mm): Rectangle of U1 on f.silkscreen
    @(52.2000 mm, 70.2500 mm): Pad 15 [/+3V3] of U1 on F.Cu
[silk_over_copper]: Silkscreen clipped by solder mask
    Local override; warning
    @(48.0000 mm, 68.0000 mm): Rectangle of U1 on f.silkscreen
    @(52.2000 mm, 69.7500 mm): Pad 16 [/+3V3] of U1 on F.Cu
[silk_over_copper]: Silkscreen clipped by solder mask
    Local override; warning
    @(48.0000 mm, 68.0000 mm): Rectangle of U1 on f.silkscreen
    @(52.2000 mm, 69.2500 mm): Pad 17 [/+3V3] of U1 on F.Cu
[silk_over_copper]: Silkscreen clipped by solder mask
    Local override; warning
    @(48.0000 mm, 68.0000 mm): Rectangle of U1 on f.silkscreen
    @(52.2000 mm, 68.7500 mm): Pad 18 [/+3V3] of U1 on F.Cu
[silk_over_copper]: Silkscreen clipped by solder mask
    Local override; warning
    @(48.0000 mm, 68.0000 mm): Rectangle of U1 on f.silkscreen
    @(48.7500 mm, 72.2000 mm): Pad 7 [/R1_RIGHT] of U1 on F.Cu
[silk_over_copper]: Silkscreen clipped by solder mask
    Local override; warning
    @(48.0000 mm, 68.0000 mm): Rectangle of U1 on f.silkscreen
    @(49.2500 mm, 72.2000 mm): Pad 8 [/R0_LEFT] of U1 on F.Cu
[silk_over_copper]: Silkscreen clipped by solder mask
    Local override; warning
    @(48.0000 mm, 68.0000 mm): Rectangle of U1 on f.silkscreen
    @(49.7500 mm, 72.2000 mm): Pad 9 [/C0] of U1 on F.Cu
[silk_over_copper]: Silkscreen clipped by solder mask
    Local override; warning
    @(48.0000 mm, 68.0000 mm): Rectangle of U1 on f.silkscreen
    @(50.2500 mm, 72.2000 mm): Pad 10 [/+3V3] of U1 on F.Cu
[silk_over_copper]: Silkscreen clipped by solder mask
    Local override; warning
    @(48.0000 mm, 68.0000 mm): Rectangle of U1 on f.silkscreen
    @(50.7500 mm, 72.2000 mm): Pad 11 [/+3V3] of U1 on F.Cu
[silk_over_copper]: Silkscreen clipped by solder mask
    Local override; warning
    @(48.0000 mm, 68.0000 mm): Rectangle of U1 on f.silkscreen
    @(51.2500 mm, 72.2000 mm): Pad 12 [/+3V3] of U1 on F.Cu
[silk_over_copper]: Silkscreen clipped by solder mask
    Local override; warning
    @(48.0000 mm, 68.0000 mm): Rectangle of U1 on f.silkscreen
    @(47.8000 mm, 71.2500 mm): Pad 6 [/R2_UP] of U1 on F.Cu
[silk_over_copper]: Silkscreen clipped by solder mask
    Local override; warning
    @(48.0000 mm, 68.0000 mm): Rectangle of U1 on f.silkscreen
    @(47.8000 mm, 68.7500 mm): Pad 1 [/+3V3] of U1 on F.Cu
[silk_over_copper]: Silkscreen clipped by solder mask
    Local override; warning
    @(48.0000 mm, 68.0000 mm): Rectangle of U1 on f.silkscreen
    @(47.8000 mm, 69.2500 mm): Pad 2 [/R6_PULL] of U1 on F.Cu
[silk_over_copper]: Silkscreen clipped by solder mask
    Local override; warning
    @(48.0000 mm, 68.0000 mm): Rectangle of U1 on f.silkscreen
    @(47.8000 mm, 69.7500 mm): Pad 3 [/R5_START] of U1 on F.Cu
[silk_over_copper]: Silkscreen clipped by solder mask
    Local override; warning
    @(48.0000 mm, 68.0000 mm): Rectangle of U1 on f.silkscreen
    @(47.8000 mm, 70.2500 mm): Pad 4 [/R4_SELECT] of U1 on F.Cu
[silk_over_copper]: Silkscreen clipped by solder mask
    Local override; warning
    @(48.0000 mm, 68.0000 mm): Rectangle of U1 on f.silkscreen
    @(47.8000 mm, 70.7500 mm): Pad 5 [/R3_DOWN] of U1 on F.Cu
[silk_over_copper]: Silkscreen clipped by solder mask
    Local override; warning
    @(48.6500 mm, 68.6500 mm): Circle of U1 on f.silkscreen
    @(50.0000 mm, 70.0000 mm): Pad 25 [/GND] of U1 on F.Cu
[silk_over_copper]: Silkscreen clipped by solder mask
    Local override; warning
    @(21.7500 mm, 78.7500 mm): Rectangle of SW1 on f.silkscreen
    @(34.2500 mm, 82.5000 mm): PTH pad 2 [/C0] of SW1
[silk_over_copper]: Silkscreen clipped by solder mask
    Local override; warning
    @(21.7500 mm, 78.7500 mm): Rectangle of SW1 on f.silkscreen
    @(34.2500 mm, 87.5000 mm): PTH pad 2 [/C0] of SW1
[silk_over_copper]: Silkscreen clipped by solder mask
    Local override; warning
    @(21.7500 mm, 78.7500 mm): Rectangle of SW1 on f.silkscreen
    @(21.7500 mm, 82.5000 mm): PTH pad 1 [/R5_START] of SW1
[silk_over_copper]: Silkscreen clipped by solder mask
    Local override; warning
    @(21.7500 mm, 78.7500 mm): Rectangle of SW1 on f.silkscreen
    @(21.7500 mm, 87.5000 mm): PTH pad 1 [/R5_START] of SW1

** Found 0 unconnected pads **

** Found 0 Footprint errors **

** Ignored checks **
    - Footprint has no courtyard defined
    - Track endpoint not centered on via
    - Tuning profile track geometries
    - Footprint doesn't match symbol's footprint filters
    - Footprint component type doesn't match footprint pads

** End of Report **
