ERC report (2026-09-01T19:53:14, Encoding UTF8)
Report includes: Errors, Warnings

***** Sheet /
[endpoint_off_grid]: Symbol pin or wire end off connection grid
    ; warning
    @(25.00 mm, 38.81 mm): Symbol J1 Pin 1 [1, Power output, Line]
[endpoint_off_grid]: Symbol pin or wire end off connection grid
    ; warning
    @(34.00 mm, 86.35 mm): Symbol SW3 Pin 1 [COMMON, Passive, Line]
[footprint_link_issues]: The current configuration does not include the footprint library 'IPC101'
    ; warning
    @(35.00 mm, 35.00 mm): Symbol J1 [CONN4]
[lib_symbol_issues]: The current configuration does not include the symbol library 'IPC101'
    ; warning
    @(35.00 mm, 35.00 mm): Symbol J1 [CONN4]
[isolated_pin_label]: Label connected to only one pin
    ; warning
    @(35.00 mm, 153.73 mm): Label 'STOP_IN_RAW'
[endpoint_off_grid]: Symbol pin or wire end off connection grid
    ; warning
    @(35.00 mm, 156.27 mm): Symbol J3 Pin 1 [1, Passive, Line]
[isolated_pin_label]: Label connected to only one pin
    ; warning
    @(35.00 mm, 156.27 mm): Label 'STOP_RETURN'
[endpoint_off_grid]: Symbol pin or wire end off connection grid
    ; warning
    @(37.38 mm, 105.00 mm): Symbol SW1 Pin 1 [1, Passive, Line]
[endpoint_off_grid]: Symbol pin or wire end off connection grid
    ; warning
    @(37.38 mm, 120.00 mm): Symbol SW2 Pin 1 [1, Passive, Line]
[footprint_link_issues]: The current configuration does not include the footprint library 'IPC101'
    ; warning
    @(45.00 mm, 80.00 mm): Symbol SW3 [NAV6]
[lib_symbol_issues]: The current configuration does not include the symbol library 'IPC101'
    ; warning
    @(45.00 mm, 80.00 mm): Symbol SW3 [NAV6]
[footprint_link_issues]: The current configuration does not include the footprint library 'IPC101'
    ; warning
    @(45.00 mm, 105.00 mm): Symbol SW1 [SW2]
[lib_symbol_issues]: The current configuration does not include the symbol library 'IPC101'
    ; warning
    @(45.00 mm, 105.00 mm): Symbol SW1 [SW2]
[footprint_link_issues]: The current configuration does not include the footprint library 'IPC101'
    ; warning
    @(45.00 mm, 120.00 mm): Symbol SW2 [SW2]
[lib_symbol_issues]: The current configuration does not include the symbol library 'IPC101'
    ; warning
    @(45.00 mm, 120.00 mm): Symbol SW2 [SW2]
[footprint_link_issues]: The current configuration does not include the footprint library 'IPC101'
    ; warning
    @(45.00 mm, 155.00 mm): Symbol J3 [CONN2]
[lib_symbol_issues]: The current configuration does not include the symbol library 'IPC101'
    ; warning
    @(45.00 mm, 155.00 mm): Symbol J3 [CONN2]
[endpoint_off_grid]: Symbol pin or wire end off connection grid
    ; warning
    @(87.22 mm, 97.86 mm): Symbol U1 Pin 1 [ROW7, Bidirectional, Line]
[pin_to_pin]: Pins of type Bidirectional and Power output are connected
    ; warning
    @(87.22 mm, 97.86 mm): Symbol U1 Pin 1 [ROW7, Bidirectional, Line]
    @(25.00 mm, 38.81 mm): Symbol J1 Pin 1 [1, Power output, Line]
[footprint_link_issues]: The current configuration does not include the footprint library 'IPC101'
    ; warning
    @(105.00 mm, 75.00 mm): Symbol U1 [TCA8418]
[lib_symbol_issues]: The current configuration does not include the symbol library 'IPC101'
    ; warning
    @(105.00 mm, 75.00 mm): Symbol U1 [TCA8418]
[pin_to_pin]: Pins of type Bidirectional and Power output are connected
    ; warning
    @(122.78 mm, 52.14 mm): Symbol U1 Pin 10 [COL1, Bidirectional, Line]
    @(25.00 mm, 38.81 mm): Symbol J1 Pin 1 [1, Power output, Line]
[pin_to_pin]: Pins of type Bidirectional and Power output are connected
    ; warning
    @(122.78 mm, 57.22 mm): Symbol U1 Pin 11 [COL2, Bidirectional, Line]
    @(25.00 mm, 38.81 mm): Symbol J1 Pin 1 [1, Power output, Line]
[pin_to_pin]: Pins of type Bidirectional and Power output are connected
    ; warning
    @(122.78 mm, 62.30 mm): Symbol U1 Pin 12 [COL3, Bidirectional, Line]
    @(25.00 mm, 38.81 mm): Symbol J1 Pin 1 [1, Power output, Line]
[pin_to_pin]: Pins of type Bidirectional and Power output are connected
    ; warning
    @(122.78 mm, 67.38 mm): Symbol U1 Pin 13 [COL4, Bidirectional, Line]
    @(25.00 mm, 38.81 mm): Symbol J1 Pin 1 [1, Power output, Line]
[pin_to_pin]: Pins of type Bidirectional and Power output are connected
    ; warning
    @(122.78 mm, 72.46 mm): Symbol U1 Pin 14 [COL5, Bidirectional, Line]
    @(25.00 mm, 38.81 mm): Symbol J1 Pin 1 [1, Power output, Line]
[pin_to_pin]: Pins of type Bidirectional and Power output are connected
    ; warning
    @(122.78 mm, 77.54 mm): Symbol U1 Pin 15 [COL6, Bidirectional, Line]
    @(25.00 mm, 38.81 mm): Symbol J1 Pin 1 [1, Power output, Line]
[pin_to_pin]: Pins of type Bidirectional and Power output are connected
    ; warning
    @(122.78 mm, 82.62 mm): Symbol U1 Pin 16 [COL7, Bidirectional, Line]
    @(25.00 mm, 38.81 mm): Symbol J1 Pin 1 [1, Power output, Line]
[pin_to_pin]: Pins of type Bidirectional and Power output are connected
    ; warning
    @(122.78 mm, 87.70 mm): Symbol U1 Pin 17 [COL8, Bidirectional, Line]
    @(25.00 mm, 38.81 mm): Symbol J1 Pin 1 [1, Power output, Line]
[pin_to_pin]: Pins of type Bidirectional and Power output are connected
    ; warning
    @(122.78 mm, 92.78 mm): Symbol U1 Pin 18 [COL9, Bidirectional, Line]
    @(25.00 mm, 38.81 mm): Symbol J1 Pin 1 [1, Power output, Line]
[endpoint_off_grid]: Symbol pin or wire end off connection grid
    ; warning
    @(139.92 mm, 75.00 mm): Symbol TP1 Pin 1 [1, Passive, Line]
[footprint_link_issues]: The current configuration does not include the footprint library 'IPC101'
    ; warning
    @(145.00 mm, 45.00 mm): Symbol R1 [R]
[lib_symbol_issues]: The current configuration does not include the symbol library 'IPC101'
    ; warning
    @(145.00 mm, 45.00 mm): Symbol R1 [R]
[endpoint_off_grid]: Symbol pin or wire end off connection grid
    ; warning
    @(145.00 mm, 50.08 mm): Symbol R1 Pin 1 [1, Passive, Line]
[footprint_link_issues]: The current configuration does not include the footprint library 'IPC101'
    ; warning
    @(145.00 mm, 75.00 mm): Symbol TP1 [TP]
[lib_symbol_issues]: The current configuration does not include the symbol library 'IPC101'
    ; warning
    @(145.00 mm, 75.00 mm): Symbol TP1 [TP]
[endpoint_off_grid]: Symbol pin or wire end off connection grid
    ; warning
    @(154.92 mm, 75.00 mm): Symbol TP2 Pin 1 [1, Passive, Line]
[footprint_link_issues]: The current configuration does not include the footprint library 'IPC101'
    ; warning
    @(160.00 mm, 45.00 mm): Symbol C1 [C]
[lib_symbol_issues]: The current configuration does not include the symbol library 'IPC101'
    ; warning
    @(160.00 mm, 45.00 mm): Symbol C1 [C]
[endpoint_off_grid]: Symbol pin or wire end off connection grid
    ; warning
    @(160.00 mm, 50.08 mm): Symbol C1 Pin 1 [1, Passive, Line]
[footprint_link_issues]: The current configuration does not include the footprint library 'IPC101'
    ; warning
    @(160.00 mm, 75.00 mm): Symbol TP2 [TP]
[lib_symbol_issues]: The current configuration does not include the symbol library 'IPC101'
    ; warning
    @(160.00 mm, 75.00 mm): Symbol TP2 [TP]
[endpoint_off_grid]: Symbol pin or wire end off connection grid
    ; warning
    @(169.92 mm, 75.00 mm): Symbol TP3 Pin 1 [1, Passive, Line]
[endpoint_off_grid]: Symbol pin or wire end off connection grid
    ; warning
    @(169.92 mm, 95.00 mm): Symbol TP5 Pin 1 [1, Passive, Line]
[footprint_link_issues]: The current configuration does not include the footprint library 'IPC101'
    ; warning
    @(175.00 mm, 45.00 mm): Symbol C2 [C]
[lib_symbol_issues]: The current configuration does not include the symbol library 'IPC101'
    ; warning
    @(175.00 mm, 45.00 mm): Symbol C2 [C]
[endpoint_off_grid]: Symbol pin or wire end off connection grid
    ; warning
    @(175.00 mm, 50.08 mm): Symbol C2 Pin 1 [1, Passive, Line]
[footprint_link_issues]: The current configuration does not include the footprint library 'IPC101'
    ; warning
    @(175.00 mm, 75.00 mm): Symbol TP3 [TP]
[lib_symbol_issues]: The current configuration does not include the symbol library 'IPC101'
    ; warning
    @(175.00 mm, 75.00 mm): Symbol TP3 [TP]
[footprint_link_issues]: The current configuration does not include the footprint library 'IPC101'
    ; warning
    @(175.00 mm, 95.00 mm): Symbol TP5 [TP]
[lib_symbol_issues]: The current configuration does not include the symbol library 'IPC101'
    ; warning
    @(175.00 mm, 95.00 mm): Symbol TP5 [TP]
[endpoint_off_grid]: Symbol pin or wire end off connection grid
    ; warning
    @(184.92 mm, 75.00 mm): Symbol TP4 Pin 1 [1, Passive, Line]
[footprint_link_issues]: The current configuration does not include the footprint library 'IPC101'
    ; warning
    @(190.00 mm, 75.00 mm): Symbol TP4 [TP]
[lib_symbol_issues]: The current configuration does not include the symbol library 'IPC101'
    ; warning
    @(190.00 mm, 75.00 mm): Symbol TP4 [TP]

 ** ERC messages: 54  Errors 0  Warnings 54

 ** Ignored checks:
    - Global label only appears once in the schematic
    - Four connection points are joined together
    - SPICE model issue
    - Assigned footprint doesn't match footprint filters
